error: could not compile `breprs` (lib) due to 12 previous errors; 302 warnings
 emitted
